This is XeTeX, Version 3.141592653-2.6-0.999997 (MiKTeX 25.12) (preloaded format=xelatex 2026.9.12)  12 SEP 2026 14:08
entering extended mode
 restricted \write18 enabled.
 %&-line parsing enabled.
**..\.tmp\paperbuild main.tex

! Emergency stop.
<to be read again> 
                   \global 
<*> ..\.
        tmp\paperbuild main.tex
*** (job aborted, file error in nonstop mode)

 
Here is how much of TeX's memory you used:
 4 strings out of 402987
 95 string characters out of 5447489
 426385 words of memory out of 5000000
 28801 multiletter control sequences out of 15000+600000
 627721 words of font info for 40 fonts, out of 8000000 for 9000
 1348 hyphenation exceptions out of 8191
 2i,0n,3p,33b,6s stack positions out of 10000i,1000n,20000p,200000b,200000s
No pages of output.
